
> pymeflowec-tests@1.0.0 test:integration
> jest --selectProjects integration

Running one project: integration
node.exe : (node:55984) [DEP0169] DeprecationWarning: `url.parse()` behavior is not 
standardized and prone to errors that have security implications. Use the WHATWG URL 
API instead. CVEs are not issued for `url.parse()` vulnerabilities.
At line:1 char:1
+ & "C:\Program Files\nodejs/node.exe" "C:\Program Files\nodejs/node_mo ...
+ ~~~~~~~~~~~~~~~~~~~~~~~~~~~~~~~~~~~~~~~~~~~~~~~~~~~~~~~~~~~~~~~~~~~~~
    + CategoryInfo          : NotSpecified: ((node:55984) [D...ulnerabilities.:String)  
   [], RemoteException
    + FullyQualifiedErrorId : NativeCommandError
 
(Use `node --trace-deprecation ...` to show where the warning was created)
(node:40632) [DEP0169] DeprecationWarning: `url.parse()` behavior is not standardized 
and prone to errors that have security implications. Use the WHATWG URL API instead. 
CVEs are not issued for `url.parse()` vulnerabilities.
(Use `node --trace-deprecation ...` to show where the warning was created)
(node:51844) [DEP0169] DeprecationWarning: `url.parse()` behavior is not standardized 
and prone to errors that have security implications. Use the WHATWG URL API instead. 
CVEs are not issued for `url.parse()` vulnerabilities.
(Use `node --trace-deprecation ...` to show where the warning was created)
[0mPOST /api/auth/login [32m200[0m 584.316 ms - 529[0m
[0mPOST /api/auth/login [33m401[0m 366.402 ms - 54[0m
[0mPOST /api/auth/login [33m422[0m 1.445 ms - 116[0m
[0mPOST /api/auth/login [32m200[0m 972.660 ms - 529[0m
[0mPOST /api/auth/login [32m200[0m 953.444 ms - 534[0m
[0mPOST /api/auth/login [33m401[0m 3.169 ms - 54[0m
[0mGET /api/suppliers [32m200[0m 19.579 ms - 98[0m
[0mGET /api/suppliers [33m401[0m 0.755 ms - 53[0m
[0mPOST /api/suppliers [32m201[0m 17.387 ms - 298[0m
[0mPOST /api/suppliers [33m422[0m 10.357 ms - 138[0m
[0mPOST /api/suppliers [33m403[0m 10.024 ms - 78[0m
[0mPOST /api/suppliers [32m201[0m 13.866 ms - 297[0m
[0mPUT /api/suppliers/8 [32m200[0m 30.791 ms - 288[0m
[0mPUT /api/suppliers/999999 [33m404[0m 7.589 ms - 54[0m
PASS integration integration/suppliers.test.js (5.976 s)
  ΓùÅ Console

    console.log
      [dotenv@17.3.1] injecting env (20) from .env.test -- tip: ≡ƒöÉ prevent committing 
.env to code: https://dotenvx.com/precommit

      at _log (node_modules/dotenv/lib/main.js:139:11)

    console.log
      [dotenv@17.3.1] injecting env (0) from .env -- tip: ΓÜÖ∩╕Å  enable debug logging 
with { debug: true }

      at _log (../pymeflowec-backend/node_modules/dotenv/lib/main.js:139:11)

    console.log
      [dotenv@17.3.1] injecting env (0) from .env -- tip: ΓÜí∩╕Å secrets for agents: 
https://dotenvx.com/as2

      at _log (../pymeflowec-backend/node_modules/dotenv/lib/main.js:139:11)

    console.log
      [DB] Executing (default): SELECT "User"."id", "User"."organization_id", 
"User"."role_id", "User"."full_name", "User"."email", "User"."password_hash", 
"User"."reset_token", "User"."reset_token_expires", "User"."status", 
"User"."created_at", "User"."updated_at", "role"."id" AS "role.id", "role"."name" AS 
"role.name", "role"."description" AS "role.description", "organization"."id" AS 
"organization.id", "organization"."name" AS "organization.name", "organization"."ruc" 
AS "organization.ruc", "organization"."email" AS "organization.email", 
"organization"."phone" AS "organization.phone", "organization"."address" AS 
"organization.address", "organization"."status" AS "organization.status", 
"organization"."tax_rate" AS "organization.tax_rate", "organization"."created_at" AS 
"organization.created_at", "organization"."updated_at" AS "organization.updated_at" 
FROM "users" AS "User" LEFT OUTER JOIN "roles" AS "role" ON "User"."role_id" = 
"role"."id" LEFT OUTER JOIN "organizations" AS "organization" ON 
"User"."organization_id" = "organization"."id" WHERE "User"."email" = 'admin@test.com';

      at Object.log [as logging] (../pymeflowec-backend/src/config/database.js:31:54)

    console.log
      [DB] Executing (default): SELECT "User"."id", "User"."organization_id", 
"User"."role_id", "User"."full_name", "User"."email", "User"."password_hash", 
"User"."reset_token", "User"."reset_token_expires", "User"."status", 
"User"."created_at", "User"."updated_at", "role"."id" AS "role.id", "role"."name" AS 
"role.name", "role"."description" AS "role.description", "organization"."id" AS 
"organization.id", "organization"."name" AS "organization.name", "organization"."ruc" 
AS "organization.ruc", "organization"."email" AS "organization.email", 
"organization"."phone" AS "organization.phone", "organization"."address" AS 
"organization.address", "organization"."status" AS "organization.status", 
"organization"."tax_rate" AS "organization.tax_rate", "organization"."created_at" AS 
"organization.created_at", "organization"."updated_at" AS "organization.updated_at" 
FROM "users" AS "User" LEFT OUTER JOIN "roles" AS "role" ON "User"."role_id" = 
"role"."id" LEFT OUTER JOIN "organizations" AS "organization" ON 
"User"."organization_id" = "organization"."id" WHERE "User"."email" = 'viewer@test.com';

      at Object.log [as logging] (../pymeflowec-backend/src/config/database.js:31:54)

    console.log
      [DB] Executing (default): INSERT INTO "audit_logs" 
("id","organization_id","user_id","action","module","description","created_at") VALUES 
(DEFAULT,$1,$2,$3,$4,$5,$6) RETURNING 
"id","organization_id","user_id","action","module","description","created_at";

      at Object.log [as logging] (../pymeflowec-backend/src/config/database.js:31:54)

    console.log
      [DB] Executing (default): INSERT INTO "audit_logs" 
("id","organization_id","user_id","action","module","description","created_at") VALUES 
(DEFAULT,$1,$2,$3,$4,$5,$6) RETURNING 
"id","organization_id","user_id","action","module","description","created_at";

      at Object.log [as logging] (../pymeflowec-backend/src/config/database.js:31:54)

    console.log
      [DB] Executing (default): SELECT "User"."id", "User"."organization_id", 
"User"."role_id", "User"."full_name", "User"."email", "User"."password_hash", 
"User"."reset_token", "User"."reset_token_expires", "User"."status", 
"User"."created_at", "User"."updated_at", "role"."id" AS "role.id", "role"."name" AS 
"role.name", "role"."description" AS "role.description", "organization"."id" AS 
"organization.id", "organization"."name" AS "organization.name", "organization"."ruc" 
AS "organization.ruc", "organization"."email" AS "organization.email", 
"organization"."phone" AS "organization.phone", "organization"."address" AS 
"organization.address", "organization"."status" AS "organization.status", 
"organization"."tax_rate" AS "organization.tax_rate", "organization"."created_at" AS 
"organization.created_at", "organization"."updated_at" AS "organization.updated_at" 
FROM "users" AS "User" LEFT OUTER JOIN "roles" AS "role" ON "User"."role_id" = 
"role"."id" LEFT OUTER JOIN "organizations" AS "organization" ON 
"User"."organization_id" = "organization"."id" WHERE "User"."id" = 2 AND 
"User"."status" = 'active';

      at Object.log [as logging] (../pymeflowec-backend/src/config/database.js:31:54)

    console.log
      [DB] Executing (default): SELECT count(*) AS "count" FROM "suppliers" AS 
"Supplier" WHERE ("Supplier"."deleted_at" IS NULL AND "Supplier"."organization_id" = 1);

      at Object.log [as logging] (../pymeflowec-backend/src/config/database.js:31:54)
          at async Promise.all (index 0)

    console.log
      [DB] Executing (default): SELECT "id", "organization_id", "business_name", 
"contact_name", "email", "phone", "address", "status", "created_at", "updated_at", 
"deleted_at" FROM "suppliers" AS "Supplier" WHERE ("Supplier"."deleted_at" IS NULL AND 
"Supplier"."organization_id" = 1) ORDER BY "Supplier"."created_at" DESC LIMIT 20 OFFSET 
0;

      at Object.log [as logging] (../pymeflowec-backend/src/config/database.js:31:54)
          at async Promise.all (index 1)

    console.log
      [DB] Executing (default): SELECT "User"."id", "User"."organization_id", 
"User"."role_id", "User"."full_name", "User"."email", "User"."password_hash", 
"User"."reset_token", "User"."reset_token_expires", "User"."status", 
"User"."created_at", "User"."updated_at", "role"."id" AS "role.id", "role"."name" AS 
"role.name", "role"."description" AS "role.description", "organization"."id" AS 
"organization.id", "organization"."name" AS "organization.name", "organization"."ruc" 
AS "organization.ruc", "organization"."email" AS "organization.email", 
"organization"."phone" AS "organization.phone", "organization"."address" AS 
"organization.address", "organization"."status" AS "organization.status", 
"organization"."tax_rate" AS "organization.tax_rate", "organization"."created_at" AS 
"organization.created_at", "organization"."updated_at" AS "organization.updated_at" 
FROM "users" AS "User" LEFT OUTER JOIN "roles" AS "role" ON "User"."role_id" = 
"role"."id" LEFT OUTER JOIN "organizations" AS "organization" ON 
"User"."organization_id" = "organization"."id" WHERE "User"."id" = 2 AND 
"User"."status" = 'active';

      at Object.log [as logging] (../pymeflowec-backend/src/config/database.js:31:54)

    console.log
      [DB] Executing (default): INSERT INTO "suppliers" 
("id","organization_id","business_name","email","status","created_at","updated_at") 
VALUES (DEFAULT,$1,$2,$3,$4,$5,$6) RETURNING "id","organization_id","business_name","con
tact_name","email","phone","address","status","created_at","updated_at","deleted_at";

      at Object.log [as logging] (../pymeflowec-backend/src/config/database.js:31:54)

    console.log
      [DB] Executing (default): SELECT "User"."id", "User"."organization_id", 
"User"."role_id", "User"."full_name", "User"."email", "User"."password_hash", 
"User"."reset_token", "User"."reset_token_expires", "User"."status", 
"User"."created_at", "User"."updated_at", "role"."id" AS "role.id", "role"."name" AS 
"role.name", "role"."description" AS "role.description", "organization"."id" AS 
"organization.id", "organization"."name" AS "organization.name", "organization"."ruc" 
AS "organization.ruc", "organization"."email" AS "organization.email", 
"organization"."phone" AS "organization.phone", "organization"."address" AS 
"organization.address", "organization"."status" AS "organization.status", 
"organization"."tax_rate" AS "organization.tax_rate", "organization"."created_at" AS 
"organization.created_at", "organization"."updated_at" AS "organization.updated_at" 
FROM "users" AS "User" LEFT OUTER JOIN "roles" AS "role" ON "User"."role_id" = 
"role"."id" LEFT OUTER JOIN "organizations" AS "organization" ON 
"User"."organization_id" = "organization"."id" WHERE "User"."id" = 2 AND 
"User"."status" = 'active';

      at Object.log [as logging] (../pymeflowec-backend/src/config/database.js:31:54)

    console.log
      [DB] Executing (default): SELECT "User"."id", "User"."organization_id", 
"User"."role_id", "User"."full_name", "User"."email", "User"."password_hash", 
"User"."reset_token", "User"."reset_token_expires", "User"."status", 
"User"."created_at", "User"."updated_at", "role"."id" AS "role.id", "role"."name" AS 
"role.name", "role"."description" AS "role.description", "organization"."id" AS 
"organization.id", "organization"."name" AS "organization.name", "organization"."ruc" 
AS "organization.ruc", "organization"."email" AS "organization.email", 
"organization"."phone" AS "organization.phone", "organization"."address" AS 
"organization.address", "organization"."status" AS "organization.status", 
"organization"."tax_rate" AS "organization.tax_rate", "organization"."created_at" AS 
"organization.created_at", "organization"."updated_at" AS "organization.updated_at" 
FROM "users" AS "User" LEFT OUTER JOIN "roles" AS "role" ON "User"."role_id" = 
"role"."id" LEFT OUTER JOIN "organizations" AS "organization" ON 
"User"."organization_id" = "organization"."id" WHERE "User"."id" = 4 AND 
"User"."status" = 'active';

      at Object.log [as logging] (../pymeflowec-backend/src/config/database.js:31:54)

    console.log
      [DB] Executing (default): SELECT "User"."id", "User"."organization_id", 
"User"."role_id", "User"."full_name", "User"."email", "User"."password_hash", 
"User"."reset_token", "User"."reset_token_expires", "User"."status", 
"User"."created_at", "User"."updated_at", "role"."id" AS "role.id", "role"."name" AS 
"role.name", "role"."description" AS "role.description", "organization"."id" AS 
"organization.id", "organization"."name" AS "organization.name", "organization"."ruc" 
AS "organization.ruc", "organization"."email" AS "organization.email", 
"organization"."phone" AS "organization.phone", "organization"."address" AS 
"organization.address", "organization"."status" AS "organization.status", 
"organization"."tax_rate" AS "organization.tax_rate", "organization"."created_at" AS 
"organization.created_at", "organization"."updated_at" AS "organization.updated_at" 
FROM "users" AS "User" LEFT OUTER JOIN "roles" AS "role" ON "User"."role_id" = 
"role"."id" LEFT OUTER JOIN "organizations" AS "organization" ON 
"User"."organization_id" = "organization"."id" WHERE "User"."id" = 2 AND 
"User"."status" = 'active';

      at Object.log [as logging] (../pymeflowec-backend/src/config/database.js:31:54)

    console.log
      [DB] Executing (default): INSERT INTO "suppliers" 
("id","organization_id","business_name","email","status","created_at","updated_at") 
VALUES (DEFAULT,$1,$2,$3,$4,$5,$6) RETURNING "id","organization_id","business_name","con
tact_name","email","phone","address","status","created_at","updated_at","deleted_at";

      at Object.log [as logging] (../pymeflowec-backend/src/config/database.js:31:54)

    console.log
      [DB] Executing (default): SELECT "User"."id", "User"."organization_id", 
"User"."role_id", "User"."full_name", "User"."email", "User"."password_hash", 
"User"."reset_token", "User"."reset_token_expires", "User"."status", 
"User"."created_at", "User"."updated_at", "role"."id" AS "role.id", "role"."name" AS 
"role.name", "role"."description" AS "role.description", "organization"."id" AS 
"organization.id", "organization"."name" AS "organization.name", "organization"."ruc" 
AS "organization.ruc", "organization"."email" AS "organization.email", 
"organization"."phone" AS "organization.phone", "organization"."address" AS 
"organization.address", "organization"."status" AS "organization.status", 
"organization"."tax_rate" AS "organization.tax_rate", "organization"."created_at" AS 
"organization.created_at", "organization"."updated_at" AS "organization.updated_at" 
FROM "users" AS "User" LEFT OUTER JOIN "roles" AS "role" ON "User"."role_id" = 
"role"."id" LEFT OUTER JOIN "organizations" AS "organization" ON 
"User"."organization_id" = "organization"."id" WHERE "User"."id" = 2 AND 
"User"."status" = 'active';

      at Object.log [as logging] (../pymeflowec-backend/src/config/database.js:31:54)

    console.log
      [DB] Executing (default): SELECT "id", "organization_id", "business_name", 
"contact_name", "email", "phone", "address", "status", "created_at", "updated_at", 
"deleted_at" FROM "suppliers" AS "Supplier" WHERE ("Supplier"."deleted_at" IS NULL AND 
("Supplier"."id" = '8' AND "Supplier"."organization_id" = 1));

      at Object.log [as logging] (../pymeflowec-backend/src/config/database.js:31:54)

    console.log
      [DB] Executing (default): UPDATE "suppliers" SET 
"business_name"=$1,"updated_at"=$2 WHERE "id" = $3

      at Object.log [as logging] (../pymeflowec-backend/src/config/database.js:31:54)

    console.log
      [DB] Executing (default): SELECT "User"."id", "User"."organization_id", 
"User"."role_id", "User"."full_name", "User"."email", "User"."password_hash", 
"User"."reset_token", "User"."reset_token_expires", "User"."status", 
"User"."created_at", "User"."updated_at", "role"."id" AS "role.id", "role"."name" AS 
"role.name", "role"."description" AS "role.description", "organization"."id" AS 
"organization.id", "organization"."name" AS "organization.name", "organization"."ruc" 
AS "organization.ruc", "organization"."email" AS "organization.email", 
"organization"."phone" AS "organization.phone", "organization"."address" AS 
"organization.address", "organization"."status" AS "organization.status", 
"organization"."tax_rate" AS "organization.tax_rate", "organization"."created_at" AS 
"organization.created_at", "organization"."updated_at" AS "organization.updated_at" 
FROM "users" AS "User" LEFT OUTER JOIN "roles" AS "role" ON "User"."role_id" = 
"role"."id" LEFT OUTER JOIN "organizations" AS "organization" ON 
"User"."organization_id" = "organization"."id" WHERE "User"."id" = 2 AND 
"User"."status" = 'active';

      at Object.log [as logging] (../pymeflowec-backend/src/config/database.js:31:54)

    console.log
      [DB] Executing (default): SELECT "id", "organization_id", "business_name", 
"contact_name", "email", "phone", "address", "status", "created_at", "updated_at", 
"deleted_at" FROM "suppliers" AS "Supplier" WHERE ("Supplier"."deleted_at" IS NULL AND 
("Supplier"."id" = '999999' AND "Supplier"."organization_id" = 1));

      at Object.log [as logging] (../pymeflowec-backend/src/config/database.js:31:54)

    console.log
      [DB] Executing (default): SELECT "User"."id", "User"."organization_id", 
"User"."role_id", "User"."full_name", "User"."email", "User"."password_hash", 
"User"."reset_token", "User"."reset_token_expires", "User"."status", 
"User"."created_at", "User"."updated_at", "role"."id" AS "role.id", "role"."name" AS 
"role.name", "role"."description" AS "role.description", "organization"."id" AS 
"organization.id", "organization"."name" AS "organization.name", "organization"."ruc" 
AS "organization.ruc", "organization"."email" AS "organization.email", 
"organization"."phone" AS "organization.phone", "organization"."address" AS 
"organization.address", "organization"."status" AS "organization.status", 
"organization"."tax_rate" AS "organization.tax_rate", "organization"."created_at" AS 
"organization.created_at", "organization"."updated_at" AS "organization.updated_at" 
FROM "users" AS "User" LEFT OUTER JOIN "roles" AS "role" ON "User"."role_id" = 
"role"."id" LEFT OUTER JOIN "organizations" AS "organization" ON 
"User"."organization_id" = "organization"."id" WHERE "User"."id" = 2 AND 
"User"."status" = 'active';

      at Object.log [as logging] (../pymeflowec-backend/src/config/database.js:31:54)

    console.log
      [DB] Executing (default): INSERT INTO "suppliers" 
("id","organization_id","business_name","email","status","created_at","updated_at") 
VALUES (DEFAULT,$1,$2,$3,$4,$5,$6) RETURNING "id","organization_id","business_name","con
tact_name","email","phone","address","status","created_at","updated_at","deleted_at";

      at Object.log [as logging] (../pymeflowec-backend/src/config/database.js:31:54)

    console.log
      [DB] Executing (default): SELECT "User"."id", "User"."organization_id", 
"User"."role_id", "User"."full_name", "User"."email", "User"."password_hash", 
"User"."reset_token", "User"."reset_token_expires", "User"."status", 
"User"."created_at", "User"."updated_at", "role"."id" AS "role.id", "role"."name" AS 
"role.name", "role"."description" AS "role.description", "organization"."id" AS 
"organization.id", "organization"."name" AS "organization.name", "organization"."ruc" 
AS "organization.ruc", "organization"."email" AS "organization.email", 
"organization"."phone" AS "organization.phone", "organization"."address" AS 
"organization.address", "organization"."status" AS "organization.status", 
"organization"."tax_rate" AS "organization.tax_rate", "organization"."created_at" AS 
"organization.created_at", "organization"."updated_at" AS "organization.updated_at" 
FROM "users" AS "User" LEFT OUTER JOIN "roles" AS "role" ON "User"."role_id" = 
"role"."id" LEFT OUTER JOIN "organizations" AS "organization" ON 
"User"."organization_id" = "organization"."id" WHERE "User"."id" = 2 AND 
"User"."status" = 'active';

      at Object.log [as logging] (../pymeflowec-backend/src/config/database.js:31:54)

    console.log
      [DB] Executing (default): SELECT "id", "organization_id", "business_name", 
"contact_name", "email", "phone", "address", "status", "created_at", "updated_at", 
"deleted_at" FROM "suppliers" AS "Supplier" WHERE ("Supplier"."deleted_at" IS NULL AND 
("Supplier"."id" = '9' AND "Supplier"."organization_id" = 1));

      at Object.log [as logging] (../pymeflowec-backend/src/config/database.js:31:54)

    console.log
      [DB] Executing (default): UPDATE "suppliers" SET "deleted_at"=$1,"updated_at"=$2 
WHERE "id" = $3

      at Object.log [as logging] (../pymeflowec-backend/src/config/database.js:31:54)

    console.log
      [DB] Executing (default): DELETE FROM "suppliers" WHERE "id" IN (7, 8)

      at Object.log [as logging] (../pymeflowec-backend/src/config/database.js:31:54)

[0mPOST /api/suppliers [32m201[0m 10.960 ms - 298[0m
[0mDELETE /api/suppliers/9 [32m204[0m 8.233 ms - -[0m
[0mPOST /api/auth/login [32m200[0m 1450.833 ms - 529[0m
[0mPOST /api/auth/login [32m200[0m 1437.745 ms - 534[0m
[0mPOST /api/auth/login [32m200[0m 1437.995 ms - 534[0m
[0mGET /api/clients [32m200[0m 22.749 ms - 98[0m
[0mGET /api/clients [33m401[0m 0.968 ms - 53[0m
[0mPOST /api/clients [32m201[0m 23.456 ms - 300[0m
[0mPOST /api/clients [32m201[0m 15.199 ms - 283[0m
[0mPOST /api/clients [33m409[0m 10.652 ms - 75[0m
[0mPOST /api/clients [33m422[0m 5.817 ms - 136[0m
[0mPOST /api/clients [33m403[0m 4.711 ms - 78[0m
[0mPOST /api/clients [32m201[0m 12.038 ms - 289[0m
[0mPUT /api/clients/3 [32m200[0m 18.036 ms - 295[0m
[0mPUT /api/clients/999999 [33m404[0m 9.798 ms - 52[0m
[0mPOST /api/auth/login [32m200[0m 494.250 ms - 529[0m
[0mPOST /api/clients [32m201[0m 13.225 ms - 290[0m
PASS integration integration/clients.test.js (6.314 s)
  ΓùÅ Console

    console.log
      [dotenv@17.3.1] injecting env (20) from .env.test -- tip: ΓÜí∩╕Å secrets for 
agents: https://dotenvx.com/as2

      at _log (node_modules/dotenv/lib/main.js:139:11)

    console.log
      [dotenv@17.3.1] injecting env (0) from .env -- tip: ΓÜÖ∩╕Å  override existing env 
vars with { override: true }

      at _log (../pymeflowec-backend/node_modules/dotenv/lib/main.js:139:11)

    console.log
      [dotenv@17.3.1] injecting env (0) from .env -- tip: ΓÜÖ∩╕Å  enable debug logging 
with { debug: true }

      at _log (../pymeflowec-backend/node_modules/dotenv/lib/main.js:139:11)

    console.log
      [DB] Executing (default): SELECT "User"."id", "User"."organization_id", 
"User"."role_id", "User"."full_name", "User"."email", "User"."password_hash", 
"User"."reset_token", "User"."reset_token_expires", "User"."status", 
"User"."created_at", "User"."updated_at", "role"."id" AS "role.id", "role"."name" AS 
"role.name", "role"."description" AS "role.description", "organization"."id" AS 
"organization.id", "organization"."name" AS "organization.name", "organization"."ruc" 
AS "organization.ruc", "organization"."email" AS "organization.email", 
"organization"."phone" AS "organization.phone", "organization"."address" AS 
"organization.address", "organization"."status" AS "organization.status", 
"organization"."tax_rate" AS "organization.tax_rate", "organization"."created_at" AS 
"organization.created_at", "organization"."updated_at" AS "organization.updated_at" 
FROM "users" AS "User" LEFT OUTER JOIN "roles" AS "role" ON "User"."role_id" = 
"role"."id" LEFT OUTER JOIN "organizations" AS "organization" ON 
"User"."organization_id" = "organization"."id" WHERE "User"."email" = 'admin@test.com';

      at Object.log [as logging] (../pymeflowec-backend/src/config/database.js:31:54)

    console.log
      [DB] Executing (default): SELECT "User"."id", "User"."organization_id", 
"User"."role_id", "User"."full_name", "User"."email", "User"."password_hash", 
"User"."reset_token", "User"."reset_token_expires", "User"."status", 
"User"."created_at", "User"."updated_at", "role"."id" AS "role.id", "role"."name" AS 
"role.name", "role"."description" AS "role.description", "organization"."id" AS 
"organization.id", "organization"."name" AS "organization.name", "organization"."ruc" 
AS "organization.ruc", "organization"."email" AS "organization.email", 
"organization"."phone" AS "organization.phone", "organization"."address" AS 
"organization.address", "organization"."status" AS "organization.status", 
"organization"."tax_rate" AS "organization.tax_rate", "organization"."created_at" AS 
"organization.created_at", "organization"."updated_at" AS "organization.updated_at" 
FROM "users" AS "User" LEFT OUTER JOIN "roles" AS "role" ON "User"."role_id" = 
"role"."id" LEFT OUTER JOIN "organizations" AS "organization" ON 
"User"."organization_id" = "organization"."id" WHERE "User"."email" = 'seller@test.com';

      at Object.log [as logging] (../pymeflowec-backend/src/config/database.js:31:54)

    console.log
      [DB] Executing (default): SELECT "User"."id", "User"."organization_id", 
"User"."role_id", "User"."full_name", "User"."email", "User"."password_hash", 
"User"."reset_token", "User"."reset_token_expires", "User"."status", 
"User"."created_at", "User"."updated_at", "role"."id" AS "role.id", "role"."name" AS 
"role.name", "role"."description" AS "role.description", "organization"."id" AS 
"organization.id", "organization"."name" AS "organization.name", "organization"."ruc" 
AS "organization.ruc", "organization"."email" AS "organization.email", 
"organization"."phone" AS "organization.phone", "organization"."address" AS 
"organization.address", "organization"."status" AS "organization.status", 
"organization"."tax_rate" AS "organization.tax_rate", "organization"."created_at" AS 
"organization.created_at", "organization"."updated_at" AS "organization.updated_at" 
FROM "users" AS "User" LEFT OUTER JOIN "roles" AS "role" ON "User"."role_id" = 
"role"."id" LEFT OUTER JOIN "organizations" AS "organization" ON 
"User"."organization_id" = "organization"."id" WHERE "User"."email" = 'viewer@test.com';

      at Object.log [as logging] (../pymeflowec-backend/src/config/database.js:31:54)

    console.log
      [DB] Executing (default): INSERT INTO "audit_logs" 
("id","organization_id","user_id","action","module","description","created_at") VALUES 
(DEFAULT,$1,$2,$3,$4,$5,$6) RETURNING 
"id","organization_id","user_id","action","module","description","created_at";

      at Object.log [as logging] (../pymeflowec-backend/src/config/database.js:31:54)

    console.log
      [DB] Executing (default): INSERT INTO "audit_logs" 
("id","organization_id","user_id","action","module","description","created_at") VALUES 
(DEFAULT,$1,$2,$3,$4,$5,$6) RETURNING 
"id","organization_id","user_id","action","module","description","created_at";

      at Object.log [as logging] (../pymeflowec-backend/src/config/database.js:31:54)

    console.log
      [DB] Executing (default): INSERT INTO "audit_logs" 
("id","organization_id","user_id","action","module","description","created_at") VALUES 
(DEFAULT,$1,$2,$3,$4,$5,$6) RETURNING 
"id","organization_id","user_id","action","module","description","created_at";

      at Object.log [as logging] (../pymeflowec-backend/src/config/database.js:31:54)

    console.log
      [DB] Executing (default): SELECT "User"."id", "User"."organization_id", 
"User"."role_id", "User"."full_name", "User"."email", "User"."password_hash", 
"User"."reset_token", "User"."reset_token_expires", "User"."status", 
"User"."created_at", "User"."updated_at", "role"."id" AS "role.id", "role"."name" AS 
"role.name", "role"."description" AS "role.description", "organization"."id" AS 
"organization.id", "organization"."name" AS "organization.name", "organization"."ruc" 
AS "organization.ruc", "organization"."email" AS "organization.email", 
"organization"."phone" AS "organization.phone", "organization"."address" AS 
"organization.address", "organization"."status" AS "organization.status", 
"organization"."tax_rate" AS "organization.tax_rate", "organization"."created_at" AS 
"organization.created_at", "organization"."updated_at" AS "organization.updated_at" 
FROM "users" AS "User" LEFT OUTER JOIN "roles" AS "role" ON "User"."role_id" = 
"role"."id" LEFT OUTER JOIN "organizations" AS "organization" ON 
"User"."organization_id" = "organization"."id" WHERE "User"."id" = 2 AND 
"User"."status" = 'active';

      at Object.log [as logging] (../pymeflowec-backend/src/config/database.js:31:54)

    console.log
      [DB] Executing (default): SELECT count(*) AS "count" FROM "clients" AS "Client" 
WHERE ("Client"."deleted_at" IS NULL AND "Client"."organization_id" = 1);

      at Object.log [as logging] (../pymeflowec-backend/src/config/database.js:31:54)
          at async Promise.all (index 0)

    console.log
      [DB] Executing (default): SELECT "id", "organization_id", "full_name", 
"identification", "email", "phone", "address", "status", "created_at", "updated_at", 
"deleted_at" FROM "clients" AS "Client" WHERE ("Client"."deleted_at" IS NULL AND 
"Client"."organization_id" = 1) ORDER BY "Client"."created_at" DESC LIMIT 20 OFFSET 0;

      at Object.log [as logging] (../pymeflowec-backend/src/config/database.js:31:54)
          at async Promise.all (index 1)

    console.log
      [DB] Executing (default): SELECT "User"."id", "User"."organization_id", 
"User"."role_id", "User"."full_name", "User"."email", "User"."password_hash", 
"User"."reset_token", "User"."reset_token_expires", "User"."status", 
"User"."created_at", "User"."updated_at", "role"."id" AS "role.id", "role"."name" AS 
"role.name", "role"."description" AS "role.description", "organization"."id" AS 
"organization.id", "organization"."name" AS "organization.name", "organization"."ruc" 
AS "organization.ruc", "organization"."email" AS "organization.email", 
"organization"."phone" AS "organization.phone", "organization"."address" AS 
"organization.address", "organization"."status" AS "organization.status", 
"organization"."tax_rate" AS "organization.tax_rate", "organization"."created_at" AS 
"organization.created_at", "organization"."updated_at" AS "organization.updated_at" 
FROM "users" AS "User" LEFT OUTER JOIN "roles" AS "role" ON "User"."role_id" = 
"role"."id" LEFT OUTER JOIN "organizations" AS "organization" ON 
"User"."organization_id" = "organization"."id" WHERE "User"."id" = 2 AND 
"User"."status" = 'active';

      at Object.log [as logging] (../pymeflowec-backend/src/config/database.js:31:54)

    console.log
      [DB] Executing (default): SELECT "id", "organization_id", "full_name", 
"identification", "email", "phone", "address", "status", "created_at", "updated_at", 
"deleted_at" FROM "clients" AS "Client" WHERE ("Client"."deleted_at" IS NULL AND 
("Client"."organization_id" = 1 AND "Client"."identification" = '4923040441')) LIMIT 1;

      at Object.log [as logging] (../pymeflowec-backend/src/config/database.js:31:54)

    console.log
      [DB] Executing (default): INSERT INTO "clients" ("id","organization_id","full_name
","identification","email","status","created_at","updated_at") VALUES 
(DEFAULT,$1,$2,$3,$4,$5,$6,$7) RETURNING "id","organization_id","full_name","identificat
ion","email","phone","address","status","created_at","updated_at","deleted_at";

      at Object.log [as logging] (../pymeflowec-backend/src/config/database.js:31:54)

    console.log
      [DB] Executing (default): SELECT "User"."id", "User"."organization_id", 
"User"."role_id", "User"."full_name", "User"."email", "User"."password_hash", 
"User"."reset_token", "User"."reset_token_expires", "User"."status", 
"User"."created_at", "User"."updated_at", "role"."id" AS "role.id", "role"."name" AS 
"role.name", "role"."description" AS "role.description", "organization"."id" AS 
"organization.id", "organization"."name" AS "organization.name", "organization"."ruc" 
AS "organization.ruc", "organization"."email" AS "organization.email", 
"organization"."phone" AS "organization.phone", "organization"."address" AS 
"organization.address", "organization"."status" AS "organization.status", 
"organization"."tax_rate" AS "organization.tax_rate", "organization"."created_at" AS 
"organization.created_at", "organization"."updated_at" AS "organization.updated_at" 
FROM "users" AS "User" LEFT OUTER JOIN "roles" AS "role" ON "User"."role_id" = 
"role"."id" LEFT OUTER JOIN "organizations" AS "organization" ON 
"User"."organization_id" = "organization"."id" WHERE "User"."id" = 2 AND 
"User"."status" = 'active';

      at Object.log [as logging] (../pymeflowec-backend/src/config/database.js:31:54)

    console.log
      [DB] Executing (default): SELECT "id", "organization_id", "full_name", 
"identification", "email", "phone", "address", "status", "created_at", "updated_at", 
"deleted_at" FROM "clients" AS "Client" WHERE ("Client"."deleted_at" IS NULL AND 
("Client"."organization_id" = 1 AND "Client"."identification" = '4923040474')) LIMIT 1;

      at Object.log [as logging] (../pymeflowec-backend/src/config/database.js:31:54)

    console.log
      [DB] Executing (default): INSERT INTO "clients" ("id","organization_id","full_name
","identification","email","status","created_at","updated_at") VALUES 
(DEFAULT,$1,$2,$3,$4,$5,$6,$7) RETURNING "id","organization_id","full_name","identificat
ion","email","phone","address","status","created_at","updated_at","deleted_at";

      at Object.log [as logging] (../pymeflowec-backend/src/config/database.js:31:54)

    console.log
      [DB] Executing (default): SELECT "User"."id", "User"."organization_id", 
"User"."role_id", "User"."full_name", "User"."email", "User"."password_hash", 
"User"."reset_token", "User"."reset_token_expires", "User"."status", 
"User"."created_at", "User"."updated_at", "role"."id" AS "role.id", "role"."name" AS 
"role.name", "role"."description" AS "role.description", "organization"."id" AS 
"organization.id", "organization"."name" AS "organization.name", "organization"."ruc" 
AS "organization.ruc", "organization"."email" AS "organization.email", 
"organization"."phone" AS "organization.phone", "organization"."address" AS 
"organization.address", "organization"."status" AS "organization.status", 
"organization"."tax_rate" AS "organization.tax_rate", "organization"."created_at" AS 
"organization.created_at", "organization"."updated_at" AS "organization.updated_at" 
FROM "users" AS "User" LEFT OUTER JOIN "roles" AS "role" ON "User"."role_id" = 
"role"."id" LEFT OUTER JOIN "organizations" AS "organization" ON 
"User"."organization_id" = "organization"."id" WHERE "User"."id" = 2 AND 
"User"."status" = 'active';

      at Object.log [as logging] (../pymeflowec-backend/src/config/database.js:31:54)

    console.log
      [DB] Executing (default): SELECT "id", "organization_id", "full_name", 
"identification", "email", "phone", "address", "status", "created_at", "updated_at", 
"deleted_at" FROM "clients" AS "Client" WHERE ("Client"."deleted_at" IS NULL AND 
("Client"."organization_id" = 1 AND "Client"."identification" = '4923040474')) LIMIT 1;

      at Object.log [as logging] (../pymeflowec-backend/src/config/database.js:31:54)

    console.log
      [DB] Executing (default): SELECT "User"."id", "User"."organization_id", 
"User"."role_id", "User"."full_name", "User"."email", "User"."password_hash", 
"User"."reset_token", "User"."reset_token_expires", "User"."status", 
"User"."created_at", "User"."updated_at", "role"."id" AS "role.id", "role"."name" AS 
"role.name", "role"."description" AS "role.description", "organization"."id" AS 
"organization.id", "organization"."name" AS "organization.name", "organization"."ruc" 
AS "organization.ruc", "organization"."email" AS "organization.email", 
"organization"."phone" AS "organization.phone", "organization"."address" AS 
"organization.address", "organization"."status" AS "organization.status", 
"organization"."tax_rate" AS "organization.tax_rate", "organization"."created_at" AS 
"organization.created_at", "organization"."updated_at" AS "organization.updated_at" 
FROM "users" AS "User" LEFT OUTER JOIN "roles" AS "role" ON "User"."role_id" = 
"role"."id" LEFT OUTER JOIN "organizations" AS "organization" ON 
"User"."organization_id" = "organization"."id" WHERE "User"."id" = 2 AND 
"User"."status" = 'active';

      at Object.log [as logging] (../pymeflowec-backend/src/config/database.js:31:54)

    console.log
      [DB] Executing (default): SELECT "User"."id", "User"."organization_id", 
"User"."role_id", "User"."full_name", "User"."email", "User"."password_hash", 
"User"."reset_token", "User"."reset_token_expires", "User"."status", 
"User"."created_at", "User"."updated_at", "role"."id" AS "role.id", "role"."name" AS 
"role.name", "role"."description" AS "role.description", "organization"."id" AS 
"organization.id", "organization"."name" AS "organization.name", "organization"."ruc" 
AS "organization.ruc", "organization"."email" AS "organization.email", 
"organization"."phone" AS "organization.phone", "organization"."address" AS 
"organization.address", "organization"."status" AS "organization.status", 
"organization"."tax_rate" AS "organization.tax_rate", "organization"."created_at" AS 
"organization.created_at", "organization"."updated_at" AS "organization.updated_at" 
FROM "users" AS "User" LEFT OUTER JOIN "roles" AS "role" ON "User"."role_id" = 
"role"."id" LEFT OUTER JOIN "organizations" AS "organization" ON 
"User"."organization_id" = "organization"."id" WHERE "User"."id" = 4 AND 
"User"."status" = 'active';

      at Object.log [as logging] (../pymeflowec-backend/src/config/database.js:31:54)

    console.log
      [DB] Executing (default): SELECT "User"."id", "User"."organization_id", 
"User"."role_id", "User"."full_name", "User"."email", "User"."password_hash", 
"User"."reset_token", "User"."reset_token_expires", "User"."status", 
"User"."created_at", "User"."updated_at", "role"."id" AS "role.id", "role"."name" AS 
"role.name", "role"."description" AS "role.description", "organization"."id" AS 
"organization.id", "organization"."name" AS "organization.name", "organization"."ruc" 
AS "organization.ruc", "organization"."email" AS "organization.email", 
"organization"."phone" AS "organization.phone", "organization"."address" AS 
"organization.address", "organization"."status" AS "organization.status", 
"organization"."tax_rate" AS "organization.tax_rate", "organization"."created_at" AS 
"organization.created_at", "organization"."updated_at" AS "organization.updated_at" 
FROM "users" AS "User" LEFT OUTER JOIN "roles" AS "role" ON "User"."role_id" = 
"role"."id" LEFT OUTER JOIN "organizations" AS "organization" ON 
"User"."organization_id" = "organization"."id" WHERE "User"."id" = 2 AND 
"User"."status" = 'active';

      at Object.log [as logging] (../pymeflowec-backend/src/config/database.js:31:54)

    console.log
      [DB] Executing (default): SELECT "id", "organization_id", "full_name", 
"identification", "email", "phone", "address", "status", "created_at", "updated_at", 
"deleted_at" FROM "clients" AS "Client" WHERE ("Client"."deleted_at" IS NULL AND 
("Client"."organization_id" = 1 AND "Client"."identification" = '4923040548')) LIMIT 1;

      at Object.log [as logging] (../pymeflowec-backend/src/config/database.js:31:54)

    console.log
      [DB] Executing (default): INSERT INTO "clients" ("id","organization_id","full_name
","identification","email","status","created_at","updated_at") VALUES 
(DEFAULT,$1,$2,$3,$4,$5,$6,$7) RETURNING "id","organization_id","full_name","identificat
ion","email","phone","address","status","created_at","updated_at","deleted_at";

      at Object.log [as logging] (../pymeflowec-backend/src/config/database.js:31:54)

    console.log
      [DB] Executing (default): SELECT "User"."id", "User"."organization_id", 
"User"."role_id", "User"."full_name", "User"."email", "User"."password_hash", 
"User"."reset_token", "User"."reset_token_expires", "User"."status", 
"User"."created_at", "User"."updated_at", "role"."id" AS "role.id", "role"."name" AS 
"role.name", "role"."description" AS "role.description", "organization"."id" AS 
"organization.id", "organization"."name" AS "organization.name", "organization"."ruc" 
AS "organization.ruc", "organization"."email" AS "organization.email", 
"organization"."phone" AS "organization.phone", "organization"."address" AS 
"organization.address", "organization"."status" AS "organization.status", 
"organization"."tax_rate" AS "organization.tax_rate", "organization"."created_at" AS 
"organization.created_at", "organization"."updated_at" AS "organization.updated_at" 
FROM "users" AS "User" LEFT OUTER JOIN "roles" AS "role" ON "User"."role_id" = 
"role"."id" LEFT OUTER JOIN "organizations" AS "organization" ON 
"User"."organization_id" = "organization"."id" WHERE "User"."id" = 2 AND 
"User"."status" = 'active';

      at Object.log [as logging] (../pymeflowec-backend/src/config/database.js:31:54)

    console.log
      [DB] Executing (default): SELECT "id", "organization_id", "full_name", 
"identification", "email", "phone", "address", "status", "created_at", "updated_at", 
"deleted_at" FROM "clients" AS "Client" WHERE ("Client"."deleted_at" IS NULL AND 
("Client"."id" = '3' AND "Client"."organization_id" = 1));

      at Object.log [as logging] (../pymeflowec-backend/src/config/database.js:31:54)

    console.log
      [DB] Executing (default): UPDATE "clients" SET "full_name"=$1,"updated_at"=$2 
WHERE "id" = $3

      at Object.log [as logging] (../pymeflowec-backend/src/config/database.js:31:54)

    console.log
      [DB] Executing (default): SELECT "User"."id", "User"."organization_id", 
"User"."role_id", "User"."full_name", "User"."email", "User"."password_hash", 
"User"."reset_token", "User"."reset_token_expires", "User"."status", 
"User"."created_at", "User"."updated_at", "role"."id" AS "role.id", "role"."name" AS 
"role.name", "role"."description" AS "role.description", "organization"."id" AS 
"organization.id", "organization"."name" AS "organization.name", "organization"."ruc" 
AS "organization.ruc", "organization"."email" AS "organization.email", 
"organization"."phone" AS "organization.phone", "organization"."address" AS 
"organization.address", "organization"."status" AS "organization.status", 
"organization"."tax_rate" AS "organization.tax_rate", "organization"."created_at" AS 
"organization.created_at", "organization"."updated_at" AS "organization.updated_at" 
FROM "users" AS "User" LEFT OUTER JOIN "roles" AS "role" ON "User"."role_id" = 
"role"."id" LEFT OUTER JOIN "organizations" AS "organization" ON 
"User"."organization_id" = "organization"."id" WHERE "User"."id" = 2 AND 
"User"."status" = 'active';

[0mGET /api/auth/me [32m200[0m 15.121 ms - 533[0m
      at Object.log [as logging] (../pymeflowec-backend/src/config/database.js:31:54)

    console.log
      [DB] Executing (default): SELECT "id", "organization_id", "full_name", 
"identification", "email", "phone", "address", "status", "created_at", "updated_at", 
"deleted_at" FROM "clients" AS "Client" WHERE ("Client"."deleted_at" IS NULL AND 
("Client"."id" = '999999' AND "Client"."organization_id" = 1));

[0mGET /api/auth/me [33m401[0m 0.443 ms - 53[0m
[0mDELETE /api/clients/4 [32m204[0m 13.726 ms - -[0m
[0mDELETE /api/clients/1 [33m403[0m 6.232 ms - 78[0m
      at Object.log [as logging] (../pymeflowec-backend/src/config/database.js:31:54)

    console.log
      [DB] Executing (default): SELECT "User"."id", "User"."organization_id", 
"User"."role_id", "User"."full_name", "User"."email", "User"."password_hash", 
"User"."reset_token", "User"."reset_token_expires", "User"."status", 
"User"."created_at", "User"."updated_at", "role"."id" AS "role.id", "role"."name" AS 
"role.name", "role"."description" AS "role.description", "organization"."id" AS 
"organization.id", "organization"."name" AS "organization.name", "organization"."ruc" 
AS "organization.ruc", "organization"."email" AS "organization.email", 
"organization"."phone" AS "organization.phone", "organization"."address" AS 
"organization.address", "organization"."status" AS "organization.status", 
"organization"."tax_rate" AS "organization.tax_rate", "organization"."created_at" AS 
"organization.created_at", "organization"."updated_at" AS "organization.updated_at" 
FROM "users" AS "User" LEFT OUTER JOIN "roles" AS "role" ON "User"."role_id" = 
"role"."id" LEFT OUTER JOIN "organizations" AS "organization" ON 
"User"."organization_id" = "organization"."id" WHERE "User"."id" = 2 AND 
"User"."status" = 'active';

      at Object.log [as logging] (../pymeflowec-backend/src/config/database.js:31:54)

    console.log
      [DB] Executing (default): SELECT "id", "organization_id", "full_name", 
"identification", "email", "phone", "address", "status", "created_at", "updated_at", 
"deleted_at" FROM "clients" AS "Client" WHERE ("Client"."deleted_at" IS NULL AND 
("Client"."organization_id" = 1 AND "Client"."identification" = '4923040612')) LIMIT 1;

      at Object.log [as logging] (../pymeflowec-backend/src/config/database.js:31:54)

    console.log
      [DB] Executing (default): INSERT INTO "clients" ("id","organization_id","full_name
","identification","email","status","created_at","updated_at") VALUES 
(DEFAULT,$1,$2,$3,$4,$5,$6,$7) RETURNING "id","organization_id","full_name","identificat
ion","email","phone","address","status","created_at","updated_at","deleted_at";

      at Object.log [as logging] (../pymeflowec-backend/src/config/database.js:31:54)

    console.log
      [DB] Executing (default): SELECT "User"."id", "User"."organization_id", 
"User"."role_id", "User"."full_name", "User"."email", "User"."password_hash", 
"User"."reset_token", "User"."reset_token_expires", "User"."status", 
"User"."created_at", "User"."updated_at", "role"."id" AS "role.id", "role"."name" AS 
"role.name", "role"."description" AS "role.description", "organization"."id" AS 
"organization.id", "organization"."name" AS "organization.name", "organization"."ruc" 
AS "organization.ruc", "organization"."email" AS "organization.email", 
"organization"."phone" AS "organization.phone", "organization"."address" AS 
"organization.address", "organization"."status" AS "organization.status", 
"organization"."tax_rate" AS "organization.tax_rate", "organization"."created_at" AS 
"organization.created_at", "organization"."updated_at" AS "organization.updated_at" 
FROM "users" AS "User" LEFT OUTER JOIN "roles" AS "role" ON "User"."role_id" = 
"role"."id" LEFT OUTER JOIN "organizations" AS "organization" ON 
"User"."organization_id" = "organization"."id" WHERE "User"."id" = 2 AND 
"User"."status" = 'active';

      at Object.log [as logging] (../pymeflowec-backend/src/config/database.js:31:54)

    console.log
      [DB] Executing (default): SELECT "id", "organization_id", "full_name", 
"identification", "email", "phone", "address", "status", "created_at", "updated_at", 
"deleted_at" FROM "clients" AS "Client" WHERE ("Client"."deleted_at" IS NULL AND 
("Client"."id" = '4' AND "Client"."organization_id" = 1));

      at Object.log [as logging] (../pymeflowec-backend/src/config/database.js:31:54)

    console.log
      [DB] Executing (default): UPDATE "clients" SET "deleted_at"=$1,"updated_at"=$2 
WHERE "id" = $3

      at Object.log [as logging] (../pymeflowec-backend/src/config/database.js:31:54)

    console.log
      [DB] Executing (default): SELECT "User"."id", "User"."organization_id", 
"User"."role_id", "User"."full_name", "User"."email", "User"."password_hash", 
"User"."reset_token", "User"."reset_token_expires", "User"."status", 
"User"."created_at", "User"."updated_at", "role"."id" AS "role.id", "role"."name" AS 
"role.name", "role"."description" AS "role.description", "organization"."id" AS 
"organization.id", "organization"."name" AS "organization.name", "organization"."ruc" 
AS "organization.ruc", "organization"."email" AS "organization.email", 
"organization"."phone" AS "organization.phone", "organization"."address" AS 
"organization.address", "organization"."status" AS "organization.status", 
"organization"."tax_rate" AS "organization.tax_rate", "organization"."created_at" AS 
"organization.created_at", "organization"."updated_at" AS "organization.updated_at" 
FROM "users" AS "User" LEFT OUTER JOIN "roles" AS "role" ON "User"."role_id" = 
"role"."id" LEFT OUTER JOIN "organizations" AS "organization" ON 
"User"."organization_id" = "organization"."id" WHERE "User"."id" = 3 AND 
"User"."status" = 'active';

      at Object.log [as logging] (../pymeflowec-backend/src/config/database.js:31:54)

    console.log
      [DB] Executing (default): DELETE FROM "clients" WHERE "id" IN (1, 2, 3)

      at Object.log [as logging] (../pymeflowec-backend/src/config/database.js:31:54)

PASS integration integration/auth.test.js (6.811 s)
  ΓùÅ Console

    console.log
      [dotenv@17.3.1] injecting env (20) from .env.test -- tip: ≡ƒöÉ prevent committing 
.env to code: https://dotenvx.com/precommit

      at _log (node_modules/dotenv/lib/main.js:139:11)

    console.log
      [dotenv@17.3.1] injecting env (0) from .env -- tip: ≡ƒñû agentic secret storage: 
https://dotenvx.com/as2

      at _log (../pymeflowec-backend/node_modules/dotenv/lib/main.js:139:11)

    console.log
      [dotenv@17.3.1] injecting env (0) from .env -- tip: ΓÜÖ∩╕Å  write to custom 
object with { processEnv: myObject }

      at _log (../pymeflowec-backend/node_modules/dotenv/lib/main.js:139:11)

    console.log
      [DB] Executing (default): SELECT "User"."id", "User"."organization_id", 
"User"."role_id", "User"."full_name", "User"."email", "User"."password_hash", 
"User"."reset_token", "User"."reset_token_expires", "User"."status", 
"User"."created_at", "User"."updated_at", "role"."id" AS "role.id", "role"."name" AS 
"role.name", "role"."description" AS "role.description", "organization"."id" AS 
"organization.id", "organization"."name" AS "organization.name", "organization"."ruc" 
AS "organization.ruc", "organization"."email" AS "organization.email", 
"organization"."phone" AS "organization.phone", "organization"."address" AS 
"organization.address", "organization"."status" AS "organization.status", 
"organization"."tax_rate" AS "organization.tax_rate", "organization"."created_at" AS 
"organization.created_at", "organization"."updated_at" AS "organization.updated_at" 
FROM "users" AS "User" LEFT OUTER JOIN "roles" AS "role" ON "User"."role_id" = 
"role"."id" LEFT OUTER JOIN "organizations" AS "organization" ON 
"User"."organization_id" = "organization"."id" WHERE "User"."email" = 'admin@test.com';

      at Object.log [as logging] (../pymeflowec-backend/src/config/database.js:31:54)

    console.log
      [DB] Executing (default): INSERT INTO "audit_logs" 
("id","organization_id","user_id","action","module","description","created_at") VALUES 
(DEFAULT,$1,$2,$3,$4,$5,$6) RETURNING 
"id","organization_id","user_id","action","module","description","created_at";

      at Object.log [as logging] (../pymeflowec-backend/src/config/database.js:31:54)

    console.log
      [DB] Executing (default): SELECT "User"."id", "User"."organization_id", 
"User"."role_id", "User"."full_name", "User"."email", "User"."password_hash", 
"User"."reset_token", "User"."reset_token_expires", "User"."status", 
"User"."created_at", "User"."updated_at", "role"."id" AS "role.id", "role"."name" AS 
"role.name", "role"."description" AS "role.description", "organization"."id" AS 
"organization.id", "organization"."name" AS "organization.name", "organization"."ruc" 
AS "organization.ruc", "organization"."email" AS "organization.email", 
"organization"."phone" AS "organization.phone", "organization"."address" AS 
"organization.address", "organization"."status" AS "organization.status", 
"organization"."tax_rate" AS "organization.tax_rate", "organization"."created_at" AS 
"organization.created_at", "organization"."updated_at" AS "organization.updated_at" 
FROM "users" AS "User" LEFT OUTER JOIN "roles" AS "role" ON "User"."role_id" = 
"role"."id" LEFT OUTER JOIN "organizations" AS "organization" ON 
"User"."organization_id" = "organization"."id" WHERE "User"."email" = 'admin@test.com';

      at Object.log [as logging] (../pymeflowec-backend/src/config/database.js:31:54)

    console.log
      [DB] Executing (default): SELECT "User"."id", "User"."organization_id", 
"User"."role_id", "User"."full_name", "User"."email", "User"."password_hash", 
"User"."reset_token", "User"."reset_token_expires", "User"."status", 
"User"."created_at", "User"."updated_at", "role"."id" AS "role.id", "role"."name" AS 
"role.name", "role"."description" AS "role.description", "organization"."id" AS 
"organization.id", "organization"."name" AS "organization.name", "organization"."ruc" 
AS "organization.ruc", "organization"."email" AS "organization.email", 
"organization"."phone" AS "organization.phone", "organization"."address" AS 
"organization.address", "organization"."status" AS "organization.status", 
"organization"."tax_rate" AS "organization.tax_rate", "organization"."created_at" AS 
"organization.created_at", "organization"."updated_at" AS "organization.updated_at" 
FROM "users" AS "User" LEFT OUTER JOIN "roles" AS "role" ON "User"."role_id" = 
"role"."id" LEFT OUTER JOIN "organizations" AS "organization" ON 
"User"."organization_id" = "organization"."id" WHERE "User"."email" = 
'noexiste@test.com';

      at Object.log [as logging] (../pymeflowec-backend/src/config/database.js:31:54)

    console.log
      [DB] Executing (default): SELECT "User"."id", "User"."organization_id", 
"User"."role_id", "User"."full_name", "User"."email", "User"."password_hash", 
"User"."reset_token", "User"."reset_token_expires", "User"."status", 
"User"."created_at", "User"."updated_at", "role"."id" AS "role.id", "role"."name" AS 
"role.name", "role"."description" AS "role.description", "organization"."id" AS 
"organization.id", "organization"."name" AS "organization.name", "organization"."ruc" 
AS "organization.ruc", "organization"."email" AS "organization.email", 
"organization"."phone" AS "organization.phone", "organization"."address" AS 
"organization.address", "organization"."status" AS "organization.status", 
"organization"."tax_rate" AS "organization.tax_rate", "organization"."created_at" AS 
"organization.created_at", "organization"."updated_at" AS "organization.updated_at" 
FROM "users" AS "User" LEFT OUTER JOIN "roles" AS "role" ON "User"."role_id" = 
"role"."id" LEFT OUTER JOIN "organizations" AS "organization" ON 
"User"."organization_id" = "organization"."id" WHERE "User"."email" = 'admin@test.com';

      at Object.log [as logging] (../pymeflowec-backend/src/config/database.js:31:54)

    console.log
      [DB] Executing (default): INSERT INTO "audit_logs" 
("id","organization_id","user_id","action","module","description","created_at") VALUES 
(DEFAULT,$1,$2,$3,$4,$5,$6) RETURNING 
"id","organization_id","user_id","action","module","description","created_at";

      at Object.log [as logging] (../pymeflowec-backend/src/config/database.js:31:54)

    console.log
      [DB] Executing (default): SELECT "User"."id", "User"."organization_id", 
"User"."role_id", "User"."full_name", "User"."email", "User"."password_hash", 
"User"."reset_token", "User"."reset_token_expires", "User"."status", 
"User"."created_at", "User"."updated_at", "role"."id" AS "role.id", "role"."name" AS 
"role.name", "role"."description" AS "role.description", "organization"."id" AS 
"organization.id", "organization"."name" AS "organization.name", "organization"."ruc" 
AS "organization.ruc", "organization"."email" AS "organization.email", 
"organization"."phone" AS "organization.phone", "organization"."address" AS 
"organization.address", "organization"."status" AS "organization.status", 
"organization"."tax_rate" AS "organization.tax_rate", "organization"."created_at" AS 
"organization.created_at", "organization"."updated_at" AS "organization.updated_at" 
FROM "users" AS "User" LEFT OUTER JOIN "roles" AS "role" ON "User"."role_id" = 
"role"."id" LEFT OUTER JOIN "organizations" AS "organization" ON 
"User"."organization_id" = "organization"."id" WHERE "User"."id" = 2 AND 
"User"."status" = 'active';

      at Object.log [as logging] (../pymeflowec-backend/src/config/database.js:31:54)

    console.log
      [DB] Executing (default): SELECT "User"."id", "User"."organization_id", 
"User"."role_id", "User"."full_name", "User"."email", "User"."status", 
"User"."created_at", "User"."updated_at", "role"."id" AS "role.id", "role"."name" AS 
"role.name", "role"."description" AS "role.description", "organization"."id" AS 
"organization.id", "organization"."name" AS "organization.name", "organization"."ruc" 
AS "organization.ruc", "organization"."email" AS "organization.email", 
"organization"."phone" AS "organization.phone", "organization"."address" AS 
"organization.address", "organization"."status" AS "organization.status", 
"organization"."tax_rate" AS "organization.tax_rate", "organization"."created_at" AS 
"organization.created_at", "organization"."updated_at" AS "organization.updated_at" 
FROM "users" AS "User" LEFT OUTER JOIN "roles" AS "role" ON "User"."role_id" = 
"role"."id" LEFT OUTER JOIN "organizations" AS "organization" ON 
"User"."organization_id" = "organization"."id" WHERE "User"."id" = 2 AND 
"User"."status" = 'active';

      at Object.log [as logging] (../pymeflowec-backend/src/config/database.js:31:54)

    console.log
      [DB] Executing (default): SELECT "User"."id", "User"."organization_id", 
"User"."role_id", "User"."full_name", "User"."email", "User"."password_hash", 
"User"."reset_token", "User"."reset_token_expires", "User"."status", 
"User"."created_at", "User"."updated_at", "role"."id" AS "role.id", "role"."name" AS 
"role.name", "role"."description" AS "role.description", "organization"."id" AS 
"organization.id", "organization"."name" AS "organization.name", "organization"."ruc" 
AS "organization.ruc", "organization"."email" AS "organization.email", 
"organization"."phone" AS "organization.phone", "organization"."address" AS 
"organization.address", "organization"."status" AS "organization.status", 
"organization"."tax_rate" AS "organization.tax_rate", "organization"."created_at" AS 
"organization.created_at", "organization"."updated_at" AS "organization.updated_at" 
FROM "users" AS "User" LEFT OUTER JOIN "roles" AS "role" ON "User"."role_id" = 
"role"."id" LEFT OUTER JOIN "organizations" AS "organization" ON 
"User"."organization_id" = "organization"."id" WHERE "User"."email" = 'admin@test.com';

      at Object.log [as logging] (../pymeflowec-backend/src/config/database.js:31:54)

    console.log
      [DB] Executing (default): INSERT INTO "audit_logs" 
("id","organization_id","user_id","action","module","description","created_at") VALUES 
(DEFAULT,$1,$2,$3,$4,$5,$6) RETURNING 
"id","organization_id","user_id","action","module","description","created_at";

      at Object.log [as logging] (../pymeflowec-backend/src/config/database.js:31:54)

    console.log
      [DB] Executing (default): SELECT "User"."id", "User"."organization_id", 
"User"."role_id", "User"."full_name", "User"."email", "User"."password_hash", 
"User"."reset_token", "User"."reset_token_expires", "User"."status", 
"User"."created_at", "User"."updated_at", "role"."id" AS "role.id", "role"."name" AS 
"role.name", "role"."description" AS "role.description", "organization"."id" AS 
"organization.id", "organization"."name" AS "organization.name", "organization"."ruc" 
AS "organization.ruc", "organization"."email" AS "organization.email", 
"organization"."phone" AS "organization.phone", "organization"."address" AS 
"organization.address", "organization"."status" AS "organization.status", 
"organization"."tax_rate" AS "organization.tax_rate", "organization"."created_at" AS 
"organization.created_at", "organization"."updated_at" AS "organization.updated_at" 
FROM "users" AS "User" LEFT OUTER JOIN "roles" AS "role" ON "User"."role_id" = 
"role"."id" LEFT OUTER JOIN "organizations" AS "organization" ON 
"User"."organization_id" = "organization"."id" WHERE "User"."id" = 2 AND 
"User"."status" = 'active';

      at Object.log [as logging] (../pymeflowec-backend/src/config/database.js:31:54)

    console.log
      [DB] Executing (default): SELECT "id", "organization_id", "role_id", "full_name", 
"email", "password_hash", "reset_token", "reset_token_expires", "status", "created_at", 
"updated_at" FROM "users" AS "User" WHERE "User"."email" = 'noexiste@test.com';

      at Object.log [as logging] (../pymeflowec-backend/src/config/database.js:31:54)

[0mPOST /api/auth/login [32m200[0m 469.896 ms - 529[0m
[0mPOST /api/auth/refresh [32m200[0m 6.768 ms - 226[0m
[0mPOST /api/auth/refresh [33m401[0m 1.355 ms - 65[0m
[0mPOST /api/auth/forgot-password [32m200[0m 2.848 ms - 87[0m
[0mPOST /api/auth/forgot-password [33m422[0m 0.683 ms - 116[0m
A worker process has failed to exit gracefully and has been force exited. This is 
likely caused by tests leaking due to improper teardown. Try running with 
--detectOpenHandles to find leaks. Active timers can also cause this, ensure that 
.unref() was called on them.
≡ƒôª report is created on: C:\Users\navas\OneDrive\Escritorio\Tesis\Tesis\pymeflowec-tests\html-report\report.html

Test Suites: 3 passed, 3 total
Tests:       28 passed, 28 total
Snapshots:   0 total
Time:        7.935 s
Ran all test suites.
